// Jest Snapshot v1, https://goo.gl/fbAQLP

exports[`Question component Question snapshot 1`] = `
<div>
  <h1 />
</div>
`;
